============================= test session starts ==============================
platform linux -- Python 3.6.6, pytest-4.3.0, py-1.8.0, pluggy-0.9.0
rootdir: /mnt/lustre/users/kyd500/roboschool, inifile:
collected 1 item

robosumowithrewardshaping_ppo_multiactor_test.py   0%|          | 0/900 [00:00<?, ?it/s]Training PPO_agent against PPO_opp. Last avg reward: -6.065024800652705:   0%|          | 0/900 [00:04<?, ?it/s]Training PPO_agent against PPO_opp. Last avg reward: -6.065024800652705:   0%|          | 1/900 [00:04<1:12:45,  4.86s/it]Training PPO_agent against PPO_opp. Last avg reward: -2.4295848014994226:   0%|          | 1/900 [00:10<2:36:03, 10.42s/it]Training PPO_agent against PPO_opp. Last avg reward: -2.4295848014994226:   0%|          | 2/900 [00:10<1:17:56,  5.21s/it]Training PPO_agent against PPO_opp. Last avg reward: -0.5076090908089218:   0%|          | 2/900 [00:12<1:31:15,  6.10s/it]Training PPO_agent against PPO_opp. Last avg reward: -0.5076090908089218:   0%|          | 3/900 [00:12<1:00:46,  4.07s/it]Training PPO_agent against PPO_opp. Last avg reward: -5.013925475488029:   0%|          | 3/900 [00:16<1:23:26,  5.58s/it] Training PPO_agent against PPO_opp. Last avg reward: -5.013925475488029:   0%|          | 4/900 [00:16<1:02:31,  4.19s/it]Training PPO_agent against PPO_opp. Last avg reward: -0.013172790784575287:   0%|          | 4/900 [00:21<1:21:03,  5.43s/it]Training PPO_agent against PPO_opp. Last avg reward: -0.013172790784575287:   1%|          | 5/900 [00:21<1:04:46,  4.34s/it]Training PPO_agent against PPO_opp. Last avg reward: 25.19211248804052:   1%|          | 5/900 [00:23<1:08:57,  4.62s/it]    Training PPO_agent against PPO_opp. Last avg reward: 25.19211248804052:   1%|          | 6/900 [00:23<57:24,  3.85s/it]  Training PPO_agent against PPO_opp. Last avg reward: -3.7568530753536193:   1%|          | 6/900 [00:28<1:10:39,  4.74s/it]Training PPO_agent against PPO_opp. Last avg reward: -3.7568530753536193:   1%|          | 7/900 [00:28<1:00:29,  4.06s/it]Training PPO_agent against PPO_opp. Last avg reward: 6.15752835750296:   1%|          | 7/900 [00:32<1:08:38,  4.61s/it]   Training PPO_agent against PPO_opp. Last avg reward: 6.15752835750296:   1%|          | 8/900 [00:32<59:59,  4.04s/it]  Training PPO_agent against PPO_opp. Last avg reward: -0.2981134025838658:   1%|          | 8/900 [00:36<1:07:47,  4.56s/it]Training PPO_agent against PPO_opp. Last avg reward: -0.2981134025838658:   1%|          | 9/900 [00:36<1:00:11,  4.05s/it]Training PPO_agent against PPO_opp. Last avg reward: 2.2790689949858254:   1%|          | 9/900 [00:41<1:08:16,  4.60s/it] Training PPO_agent against PPO_opp. Last avg reward: 2.2790689949858254:   1%|          | 10/900 [00:41<1:01:22,  4.14s/it]Training PPO_agent against PPO_opp. Last avg reward: 0.08004852900634422:   1%|          | 10/900 [00:45<1:07:58,  4.58s/it]Training PPO_agent against PPO_opp. Last avg reward: 0.08004852900634422:   1%|          | 11/900 [00:45<1:01:43,  4.17s/it]Training PPO_agent against PPO_opp. Last avg reward: -3.848450622132044:   1%|          | 11/900 [00:51<1:09:07,  4.67s/it] Training PPO_agent against PPO_opp. Last avg reward: -3.848450622132044:   1%|▏         | 12/900 [00:51<1:03:18,  4.28s/it]Training PPO_agent against PPO_opp. Last avg reward: -3.8527007284021964:   1%|▏         | 12/900 [00:56<1:10:04,  4.74s/it]Training PPO_agent against PPO_opp. Last avg reward: -3.8527007284021964:   1%|▏         | 13/900 [00:56<1:04:37,  4.37s/it]Training PPO_agent against PPO_opp. Last avg reward: 2.088920868953937:   1%|▏         | 13/900 [01:01<1:10:07,  4.74s/it]  Training PPO_agent against PPO_opp. Last avg reward: 2.088920868953937:   2%|▏         | 14/900 [01:01<1:05:02,  4.41s/it]Training PPO_agent against PPO_opp. Last avg reward: -3.8992520764575684:   2%|▏         | 14/900 [01:07<1:10:53,  4.80s/it]Training PPO_agent against PPO_opp. Last avg reward: -3.8992520764575684:   2%|▏         | 15/900 [01:07<1:06:05,  4.48s/it]Training PPO_agent against PPO_opp. Last avg reward: -3.930803386143315:   2%|▏         | 15/900 [01:12<1:11:31,  4.85s/it] Training PPO_agent against PPO_opp. Last avg reward: -3.930803386143315:   2%|▏         | 16/900 [01:12<1:06:58,  4.55s/it]Training PPO_agent against PPO_opp. Last avg reward: -0.8316688923521997:   2%|▏         | 16/900 [01:18<1:11:53,  4.88s/it]Training PPO_agent against PPO_opp. Last avg reward: -0.8316688923521997:   2%|▏         | 17/900 [01:18<1:07:35,  4.59s/it]Training PPO_agent against PPO_opp. Last avg reward: 4.833988317467496:   2%|▏         | 17/900 [01:21<1:10:55,  4.82s/it]  Training PPO_agent against PPO_opp. Last avg reward: 4.833988317467496:   2%|▏         | 18/900 [01:21<1:06:54,  4.55s/it]Training PPO_agent against PPO_opp. Last avg reward: -3.8977844972918234:   2%|▏         | 18/900 [01:27<1:11:25,  4.86s/it]Training PPO_agent against PPO_opp. Last avg reward: -3.8977844972918234:   2%|▏         | 19/900 [01:27<1:07:35,  4.60s/it]Training PPO_agent against PPO_opp. Last avg reward: -3.882484346802249:   2%|▏         | 19/900 [01:33<1:12:01,  4.91s/it] Training PPO_agent against PPO_opp. Last avg reward: -3.882484346802249:   2%|▏         | 20/900 [01:33<1:08:21,  4.66s/it]Training PPO_agent against PPO_opp. Last avg reward: -0.356214438363114:   2%|▏         | 20/900 [01:37<1:11:21,  4.87s/it]Training PPO_agent against PPO_opp. Last avg reward: -0.356214438363114:   2%|▏         | 21/900 [01:37<1:07:52,  4.63s/it]slurmstepd: error: *** JOB 642112 ON gpu01 CANCELLED AT 2019-03-11T11:25:14 ***
